RAM Allocation
Variable                                                          Address   Size
--------------------------------------------------------------------------------
rx_buffer                                                         0260h       32
tx_buffer                                                         0280h       32
lockcode                                                          02A0h        4
checklockcode                                                     02A4h        4
p                                                                 02A8h        2

EEPROM Allocation
Variable                                                          Address   Size
--------------------------------------------------------------------------------

Register Allocation
Variable                                                          Register  Size
--------------------------------------------------------------------------------
rx_wr_index                                                       R5           1
rx_rd_index                                                       R4           1
rx_counter                                                        R7           1
rx_buffer_overflow                                                R2.0      1bit
tx_wr_index                                                       R6           1
tx_rd_index                                                       R9           1
tx_counter                                                        R8           1
indata                                                            R11          1
